--- xcodebuild: WARNING: Using the first of multiple matching destinations:
{ platform:macOS, arch:arm64, id:00008132-000A68280A45001C, name:My Mac }
{ platform:macOS, arch:x86_64, id:00008132-000A68280A45001C, name:My Mac }
Failed frontend command:
/Applications/Xcode.app/Contents/Developer/Toolchains/XcodeDefault.xctoolchain/usr/bin/swift-frontend -frontend -c -primary-file /Users/tf/Nextcloud/gitfolder/ByteFMWrapper/Sources/ByteFM/Networking/APIClient.swift /Users/tf/Nextcloud/gitfolder/ByteFMWrapper/Sources/ByteFM/Models/ArchiveItem.swift /Users/tf/Nextcloud/gitfolder/ByteFMWrapper/Sources/ByteFM/Views/ArchiveView.swift /Users/tf/Nextcloud/gitfolder/ByteFMWrapper/Sources/ByteFM/Audio/AudioPlayerManager.swift /Users/tf/Nextcloud/gitfolder/ByteFMWrapper/Sources/ByteFM/Models/BroadcastDetail.swift /Users/tf/Nextcloud/gitfolder/ByteFMWrapper/Sources/ByteFM/Views/BroadcastDetailView.swift /Users/tf/Nextcloud/gitfolder/ByteFMWrapper/Sources/ByteFM/ByteFMApp.swift /Users/tf/Nextcloud/gitfolder/ByteFMWrapper/Sources/ByteFM/Views/ContentView.swift /Users/tf/Nextcloud/gitfolder/ByteFMWrapper/Sources/ByteFM/Networking/KeychainHelper.swift /Users/tf/Nextcloud/gitfolder/ByteFMWrapper/Sources/ByteFM/Models/LiveMetadata.swift /Users/tf/Nextcloud/gitfolder/ByteFMWrapper/Sources/ByteFM/Views/LiveView.swift /Users/tf/Nextcloud/gitfolder/ByteFMWrapper/Sources/ByteFM/Views/LoginView.swift /Users/tf/Nextcloud/gitfolder/ByteFMWrapper/Sources/ByteFM/Views/PlayerBarView.swift /Users/tf/Nextcloud/gitfolder/ByteFMWrapper/Sources/ByteFM/Models/StoredArchiveItem.swift /Users/tf/Nextcloud/gitfolder/ByteFMWrapper/Sources/ByteFM/Models/FavoriteBroadcast.swift /Users/tf/Nextcloud/gitfolder/ByteFMWrapper/Sources/ByteFM/Models/StoredFavoriteBroadcast.swift /Users/tf/Nextcloud/gitfolder/ByteFMWrapper/Sources/ByteFM/Models/ListeningHistory.swift /Users/tf/Nextcloud/gitfolder/ByteFMWrapper/Sources/ByteFM/Models/StoredListeningHistoryEntry.swift /Users/tf/Nextcloud/gitfolder/ByteFMWrapper/Sources/ByteFM/Utils/String+Extensions.swift /Users/tf/Nextcloud/gitfolder/ByteFMWrapper/Sources/ByteFM/Views/ArchiveNew.swift /Users/tf/Nextcloud/gitfolder/ByteFMWrapper/Sources/ByteFM/Views/BroadcastRow.swift /Users/tf/Nextcloud/gitfolder/ByteFMWrapper/Sources/ByteFM/Views/BroadcastListView.swift /Users/tf/Nextcloud/gitfolder/ByteFMWrapper/Sources/ByteFM/Models/Show.swift /Users/tf/Nextcloud/gitfolder/ByteFMWrapper/Sources/ByteFM/Models/StoredShow.swift /Users/tf/Library/Developer/Xcode/DerivedData/ByteFM-gnwjdkyhdwoahyflvetfpezhajdp/Build/Intermediates.noindex/ByteFM.build/Debug/ByteFM.build/DerivedSources/GeneratedAssetSymbols.swift -emit-dependencies-path /Users/tf/Library/Developer/Xcode/DerivedData/ByteFM-gnwjdkyhdwoahyflvetfpezhajdp/Build/Intermediates.noindex/ByteFM.build/Debug/ByteFM.build/Objects-normal/arm64/APIClient.d -emit-const-values-path /Users/tf/Library/Developer/Xcode/DerivedData/ByteFM-gnwjdkyhdwoahyflvetfpezhajdp/Build/Intermediates.noindex/ByteFM.build/Debug/ByteFM.build/Objects-normal/arm64/APIClient.swiftconstvalues -emit-reference-dependencies-path /Users/tf/Library/Developer/Xcode/DerivedData/ByteFM-gnwjdkyhdwoahyflvetfpezhajdp/Build/Intermediates.noindex/ByteFM.build/Debug/ByteFM.build/Objects-normal/arm64/APIClient.swiftdeps -serialize-diagnostics-path /Users/tf/Library/Developer/Xcode/DerivedData/ByteFM-gnwjdkyhdwoahyflvetfpezhajdp/Build/Intermediates.noindex/ByteFM.build/Debug/ByteFM.build/Objects-normal/arm64/APIClient.dia -target arm64-apple-macos14.0 -module-can-import-version AppKit 2685.30.107 2685.30.107 -module-can-import-version DeveloperToolsSupport 23.0.4 23.0.4 -module-can-import-version SwiftUI 7.2.5.1 7.2.5 -disable-cross-import-overlay-search -swift-module-cross-import SwiftData /Applications/Xcode.app/Contents/Developer/Platforms/MacOSX.platform/Developer/SDKs/MacOSX26.2.sdk/System/Library/Frameworks/SwiftData.framework/Modules/SwiftData.swiftcrossimport/CoreData.swiftoverlay -swift-module-cross-import SwiftData /Applications/Xcode.app/Contents/Developer/Platforms/MacOSX.platform/Developer/SDKs/MacOSX26.2.sdk/System/Library/Frameworks/SwiftData.framework/Modules/SwiftData.swiftcrossimport/SwiftUI.swiftoverlay -load-resolved-plugin /Applications/Xcode.app/Contents/Developer/Platforms/MacOSX.platform/Developer/usr/lib/swift/host/plugins/libFoundationMacros.dylib\#/Applications/Xcode.app/Contents/Developer/Platforms/MacOSX.platform/Developer/usr/bin/swift-plugin-server\#FoundationMacros -load-resolved-plugin /Applications/Xcode.app/Contents/Developer/Platforms/MacOSX.platform/Developer/usr/lib/swift/host/plugins/libObservationMacros.dylib\#/Applications/Xcode.app/Contents/Developer/Platforms/MacOSX.platform/Developer/usr/bin/swift-plugin-server\#ObservationMacros -load-resolved-plugin /Applications/Xcode.app/Contents/Developer/Platforms/MacOSX.platform/Developer/usr/lib/swift/host/plugins/libPreviewsMacros.dylib\#/Applications/Xcode.app/Contents/Developer/Platforms/MacOSX.platform/Developer/usr/bin/swift-plugin-server\#PreviewsMacros -load-resolved-plugin /Applications/Xcode.app/Contents/Developer/Platforms/MacOSX.platform/Developer/usr/lib/swift/host/plugins/libSwiftDataMacros.dylib\#/Applications/Xcode.app/Contents/Developer/Platforms/MacOSX.platform/Developer/usr/bin/swift-plugin-server\#SwiftDataMacros -load-resolved-plugin /Applications/Xcode.app/Contents/Developer/Platforms/MacOSX.platform/Developer/usr/lib/swift/host/plugins/libSwiftMacros.dylib\#/Applications/Xcode.app/Contents/Developer/Platforms/MacOSX.platform/Developer/usr/bin/swift-plugin-server\#SwiftMacros -load-resolved-plugin /Applications/Xcode.app/Contents/Developer/Platforms/MacOSX.platform/Developer/usr/lib/swift/host/plugins/libSwiftUIMacros.dylib\#/Applications/Xcode.app/Contents/Developer/Platforms/MacOSX.platform/Developer/usr/bin/swift-plugin-server\#SwiftUIMacros -disable-implicit-swift-modules -Xcc -fno-implicit-modules -Xcc -fno-implicit-module-maps -explicit-swift-module-map-file /Users/tf/Library/Developer/Xcode/DerivedData/ByteFM-gnwjdkyhdwoahyflvetfpezhajdp/Build/Intermediates.noindex/ByteFM.build/Debug/ByteFM.build/Objects-normal/arm64/ByteFM-dependencies-1.json -Xllvm -aarch64-use-tbi -enable-objc-interop -stack-check -sdk /Applications/Xcode.app/Contents/Developer/Platforms/MacOSX.platform/Developer/SDKs/MacOSX26.2.sdk -I /Users/tf/Library/Developer/Xcode/DerivedData/ByteFM-gnwjdkyhdwoahyflvetfpezhajdp/Build/Products/Debug -F /Users/tf/Library/Developer/Xcode/DerivedData/ByteFM-gnwjdkyhdwoahyflvetfpezhajdp/Build/Products/Debug -no-color-diagnostics -Xcc -fno-color-diagnostics -enable-testing -g -debug-info-format\=dwarf -dwarf-version\=4 -module-cache-path /Users/tf/Library/Developer/Xcode/DerivedData/ByteFM-gnwjdkyhdwoahyflvetfpezhajdp/Build/Intermediates.noindex/SwiftExplicitPrecompiledModules -swift-version 5 -enforce-exclusivity\=checked -Onone -D DEBUG -serialize-debugging-options -const-gather-protocols-file /Users/tf/Library/Developer/Xcode/DerivedData/ByteFM-gnwjdkyhdwoahyflvetfpezhajdp/Build/Intermediates.noindex/ByteFM.build/Debug/ByteFM.build/Objects-normal/arm64/ByteFM_const_extract_protocols.json -enable-experimental-feature DebugDescriptionMacro -enable-bare-slash-regex -empty-abi-descriptor -validate-clang-modules-once -clang-build-session-file /Users/tf/Library/Developer/Xcode/DerivedData/ModuleCache.noindex/Session.modulevalidation -Xcc -working-directory -Xcc /Users/tf/Nextcloud/gitfolder/ByteFMWrapper -enable-anonymous-context-mangled-names -file-compilation-dir /Users/tf/Nextcloud/gitfolder/ByteFMWrapper -Xcc -D_LIBCPP_HARDENING_MODE\=_LIBCPP_HARDENING_MODE_DEBUG -Xcc -ivfsstatcache -Xcc /Users/tf/Library/Developer/Xcode/DerivedData/SDKStatCaches.noindex/macosx26.2-25C58-00fa09913b459cbbc988d1f6730289ae.sdkstatcache -Xcc -I/Users/tf/Library/Developer/Xcode/DerivedData/ByteFM-gnwjdkyhdwoahyflvetfpezhajdp/Build/Intermediates.noindex/ByteFM.build/Debug/ByteFM.build/swift-overrides.hmap -Xcc -iquote -Xcc /Users/tf/Library/Developer/Xcode/DerivedData/ByteFM-gnwjdkyhdwoahyflvetfpezhajdp/Build/Intermediates.noindex/ByteFM.build/Debug/ByteFM.build/ByteFM-generated-files.hmap -Xcc -I/Users/tf/Library/Developer/Xcode/DerivedData/ByteFM-gnwjdkyhdwoahyflvetfpezhajdp/Build/Intermediates.noindex/ByteFM.build/Debug/ByteFM.build/ByteFM-own-target-headers.hmap -Xcc -I/Users/tf/Library/Developer/Xcode/DerivedData/ByteFM-gnwjdkyhdwoahyflvetfpezhajdp/Build/Intermediates.noindex/ByteFM.build/Debug/ByteFM.build/ByteFM-all-target-headers.hmap -Xcc -iquote -Xcc /Users/tf/Library/Developer/Xcode/DerivedData/ByteFM-gnwjdkyhdwoahyflvetfpezhajdp/Build/Intermediates.noindex/ByteFM.build/Debug/ByteFM.build/ByteFM-project-headers.hmap -Xcc -I/Users/tf/Library/Developer/Xcode/DerivedData/ByteFM-gnwjdkyhdwoahyflvetfpezhajdp/Build/Products/Debug/include -Xcc -I/Users/tf/Library/Developer/Xcode/DerivedData/ByteFM-gnwjdkyhdwoahyflvetfpezhajdp/Build/Intermediates.noindex/ByteFM.build/Debug/ByteFM.build/DerivedSources-normal/arm64 -Xcc -I/Users/tf/Library/Developer/Xcode/DerivedData/ByteFM-gnwjdkyhdwoahyflvetfpezhajdp/Build/Intermediates.noindex/ByteFM.build/Debug/ByteFM.build/DerivedSources/arm64 -Xcc -I/Users/tf/Library/Developer/Xcode/DerivedData/ByteFM-gnwjdkyhdwoahyflvetfpezhajdp/Build/Intermediates.noindex/ByteFM.build/Debug/ByteFM.build/DerivedSources -Xcc -DDEBUG\=1 -no-auto-bridging-header-chaining -module-name ByteFM -frontend-parseable-output -disable-clang-spi -target-sdk-version 26.2 -target-sdk-name macosx26.2 -clang-target arm64-apple-macos26.2 -in-process-plugin-server-path /Applications/Xcode.app/Contents/Developer/Toolchains/XcodeDefault.xctoolchain/usr/lib/swift/host/libSwiftInProcPluginServer.dylib -o /Users/tf/Library/Developer/Xcode/DerivedData/ByteFM-gnwjdkyhdwoahyflvetfpezhajdp/Build/Intermediates.noindex/ByteFM.build/Debug/ByteFM.build/Objects-normal/arm64/APIClient.o -index-unit-output-path /ByteFM.build/Debug/ByteFM.build/Objects-normal/arm64/APIClient.o -index-store-path /Users/tf/Library/Developer/Xcode/DerivedData/ByteFM-gnwjdkyhdwoahyflvetfpezhajdp/Index.noindex/DataStore -index-system-modules
/Users/tf/Nextcloud/gitfolder/ByteFMWrapper/Sources/ByteFM/Networking/APIClient.swift:413:52: error: cannot find 'container' in scope
                    await fetchShows(modelContext: container.mainContext)
                                                   ^~~~~~~~~
** BUILD FAILED **

